products: 182
export done
OK
